\BOOKMARK [0][-]{chapter.1}{\376\377\000M\000a\000r\000k\000e\000t\000\040\000A\000n\000a\000l\000y\000s\000i\000s\000\040\040\024\000\040\000S\000e\000l\000f\000-\000H\000o\000s\000t\000e\000d\000\040\000J\000o\000b\000-\000S\000e\000a\000r\000c\000h\000\040\000A\000g\000g\000r\000e\000g\000a\000t\000o\000r\000s}{}% 1
\BOOKMARK [1][-]{section.1.1}{\376\377\000E\000x\000e\000c\000u\000t\000i\000v\000e\000\040\000s\000u\000m\000m\000a\000r\000y}{chapter.1}% 2
\BOOKMARK [1][-]{section.1.2}{\376\377\000M\000e\000t\000h\000o\000d\000o\000l\000o\000g\000y}{chapter.1}% 3
\BOOKMARK [1][-]{section.1.3}{\376\377\000D\000i\000r\000e\000c\000t\000\040\000c\000o\000m\000p\000e\000t\000i\000t\000o\000r\000s}{chapter.1}% 4
\BOOKMARK [2][-]{subsection.1.3.1}{\376\377\000J\000o\000b\000S\000p\000y\000\040\000\050\000s\000p\000e\000e\000d\000y\000a\000p\000p\000l\000y\000/\000J\000o\000b\000S\000p\000y\000\051}{section.1.3}% 5
\BOOKMARK [2][-]{subsection.1.3.2}{\376\377\000a\000t\000s\000-\000s\000c\000r\000a\000p\000e\000r\000s\000\040\000/\000\040\000j\000o\000b\000h\000i\000v\000e}{section.1.3}% 6
\BOOKMARK [2][-]{subsection.1.3.3}{\376\377\000J\000o\000b\000S\000e\000n\000t\000i\000n\000e\000l\000\040\000\050\000c\000b\000o\000y\000d\0000\0003\0001\0009\000/\000J\000o\000b\000S\000e\000n\000t\000i\000n\000e\000l\000\051}{section.1.3}% 7
\BOOKMARK [2][-]{subsection.1.3.4}{\376\377\000J\000o\000b\000A\000g\000g\000r\000e\000g\000a\000t\000o\000r\000\040\000\050\000S\000a\000m\000m\000y\000U\000r\000f\000e\000n\000/\000J\000o\000b\000A\000g\000g\000r\000e\000g\000a\000t\000o\000r\000\051}{section.1.3}% 8
\BOOKMARK [2][-]{subsection.1.3.5}{\376\377\000F\000i\000n\000d\000-\000M\000e\000-\000J\000o\000b\000\040\000\050\000M\000o\000h\000a\000m\000e\000d\000M\000a\000m\000d\000o\000u\000h\0001\0008\000/\000F\000i\000n\000d\000-\000M\000e\000-\000J\000o\000b\000\051}{section.1.3}% 9
\BOOKMARK [2][-]{subsection.1.3.6}{\376\377\000J\000o\000b\000S\000p\000y\000-\000A\000P\000I\000\040\000\050\000r\000a\000i\000n\000m\000a\000n\000j\000a\000m\000/\000j\000o\000b\000s\000p\000y\000-\000a\000p\000i\000\051}{section.1.3}% 10
\BOOKMARK [2][-]{subsection.1.3.7}{\376\377\000j\000o\000b\000-\000b\000o\000a\000r\000d\000-\000a\000g\000g\000r\000e\000g\000a\000t\000o\000r\000\040\000\050\000F\000e\000a\000s\000h\000l\000i\000a\000a\000/\000\051}{section.1.3}% 11
\BOOKMARK [1][-]{section.1.4}{\376\377\000C\000o\000m\000m\000e\000r\000c\000i\000a\000l\000\040\000j\000o\000b\000-\000s\000e\000a\000r\000c\000h\000\040\000C\000R\000M\000s\000\040\000\050\000a\000d\000j\000a\000c\000e\000n\000t\000\040\000c\000a\000t\000e\000g\000o\000r\000y\000\051}{chapter.1}% 12
\BOOKMARK [1][-]{section.1.5}{\376\377\000W\000h\000e\000r\000e\000\040\000t\000h\000i\000s\000\040\000r\000e\000p\000o\000\040\000s\000i\000t\000s\000\040\000o\000n\000\040\000t\000h\000e\000\040\000m\000a\000r\000k\000e\000t\000\040\000m\000a\000p}{chapter.1}% 13
\BOOKMARK [1][-]{section.1.6}{\376\377\000D\000e\000s\000i\000g\000n\000\040\000d\000e\000c\000i\000s\000i\000o\000n\000s\000\040\000t\000h\000a\000t\000\040\000a\000r\000e\000\040\000r\000a\000r\000e\000\040\000i\000n\000\040\000t\000h\000e\000\040\000f\000i\000e\000l\000d}{chapter.1}% 14
\BOOKMARK [1][-]{section.1.7}{\376\377\000R\000e\000a\000l\000i\000s\000t\000i\000c\000\040\000p\000a\000t\000h\000s\000\040\000f\000o\000r\000w\000a\000r\000d}{chapter.1}% 15
\BOOKMARK [2][-]{subsection.1.7.1}{\376\377\000P\000a\000t\000h\000\040\000A\000\040\040\024\000\040\000O\000p\000e\000n\000-\000s\000o\000u\000r\000c\000e\000\040\000a\000s\000-\000i\000s\000,\000\040\000n\000o\000\040\000h\000o\000s\000t\000i\000n\000g}{section.1.7}% 16
\BOOKMARK [2][-]{subsection.1.7.2}{\376\377\000P\000a\000t\000h\000\040\000B\000\040\040\024\000\040\000D\000o\000c\000k\000e\000r\000i\000z\000e\000d\000\040\000s\000e\000l\000f\000-\000h\000o\000s\000t\000e\000d}{section.1.7}% 17
\BOOKMARK [2][-]{subsection.1.7.3}{\376\377\000P\000a\000t\000h\000\040\000C\000\040\040\024\000\040\000S\000a\000a\000S}{section.1.7}% 18
\BOOKMARK [2][-]{subsection.1.7.4}{\376\377\000P\000a\000t\000h\000\040\000D\000\040\040\024\000\040\040\034\000M\000a\000n\000a\000g\000e\000d\000\040\000s\000e\000l\000f\000-\000h\000o\000s\000t\000e\000d\040\035}{section.1.7}% 19
\BOOKMARK [1][-]{section.1.8}{\376\377\000R\000e\000c\000o\000m\000m\000e\000n\000d\000a\000t\000i\000o\000n}{chapter.1}% 20
\BOOKMARK [1][-]{section.1.9}{\376\377\000O\000p\000e\000n\000\040\000q\000u\000e\000s\000t\000i\000o\000n\000s\000\040\000w\000o\000r\000t\000h\000\040\000a\000s\000k\000i\000n\000g\000\040\000t\000h\000e\000\040\000u\000s\000e\000r}{chapter.1}% 21
